../Core/Src/main.c:99:5:main	32	static
../Core/Src/main.c:253:6:SystemClock_Config	96	static
../Core/Src/main.c:302:13:MX_ADC_Init	24	static
../Core/Src/main.c:356:13:MX_I2C1_Init	8	static
../Core/Src/main.c:404:13:MX_TIM3_Init	48	static
../Core/Src/main.c:465:13:MX_TIM14_Init	8	static
../Core/Src/main.c:496:13:MX_TIM15_Init	80	static
../Core/Src/main.c:565:13:MX_TIM16_Init	72	static
../Core/Src/main.c:627:13:MX_TIM17_Init	72	static
../Core/Src/main.c:689:13:MX_USART1_UART_Init	8	static
../Core/Src/main.c:724:13:MX_GPIO_Init	56	static
../Core/Src/main.c:800:6:usDelay	16	static
../Core/Src/main.c:814:6:Error_Handler	8	static,ignoring_inline_asm
